/Users/hannahmliu/Library/Python/3.9/lib/python/site-packages/urllib3/__init__.py:35: NotOpenSSLWarning: urllib3 v2 only supports OpenSSL 1.1.1+, currently the 'ssl' module is compiled with 'LibreSSL 2.8.3'. See: https://github.com/urllib3/urllib3/issues/3020
  warnings.warn(
2026-07-16 13:32:39,093 | INFO    | guardrail_ft | Loading model HuggingFaceTB/SmolLM2-360M-Instruct (quant=none, dtype=float32)
`torch_dtype` is deprecated! Use `dtype` instead!
2026-07-16 13:32:42,865 | INFO    | guardrail_ft | Placing model on device: cpu
2026-07-16 13:32:42,872 | INFO    | guardrail_ft | Loading model HuggingFaceTB/SmolLM2-360M-Instruct (quant=none, dtype=float32)
2026-07-16 13:32:44,224 | INFO    | guardrail_ft | Placing model on device: cpu
2026-07-16 13:33:13,880 | INFO    | guardrail_ft | Cached activations: model=B items=80 layers=32 hidden=960 pos=last
2026-07-16 13:33:38,054 | INFO    | guardrail_ft | Cached activations: model=G_p items=80 layers=32 hidden=960 pos=last
2026-07-16 13:33:38,140 | INFO    | guardrail_ft | Demographic contrast: 40 pairs (white vs black).
2026-07-16 13:33:38,151 | INFO    | guardrail_ft | Demographic contrast: 40 pairs (white vs black).
2026-07-16 13:33:38,165 | INFO    | guardrail_ft | Guardrail contrast: 80 items (G_p minus B).
2026-07-16 13:33:38,170 | INFO    | guardrail_ft | Bias contrast (mean-of-differences): 40 pairs (white vs black).
2026-07-16 13:33:38,174 | INFO    | guardrail_ft | Bias contrast (mean-of-differences): 40 pairs (white vs black).
2026-07-16 13:34:04,364 | INFO    | guardrail_ft | Loading model HuggingFaceTB/SmolLM2-360M-Instruct (quant=none, dtype=float32)
2026-07-16 13:34:07,618 | INFO    | guardrail_ft | Placing model on device: cpu
2026-07-16 13:35:33,458 | INFO    | guardrail_ft | Subspace ablation: edited 64 matrices (k=1, layers=all).
2026-07-16 13:36:35,590 | INFO    | guardrail_ft | Restored 64 weight matrices (ablation undone).
2026-07-16 13:37:08,794 | INFO    | guardrail_ft |   eval 50/60
2026-07-16 13:37:14,414 | INFO    | guardrail_ft | Loading model HuggingFaceTB/SmolLM2-360M-Instruct (quant=none, dtype=float32)
2026-07-16 13:37:15,959 | INFO    | guardrail_ft | Placing model on device: cpu
2026-07-16 13:37:17,260 | INFO    | guardrail_ft | Loading model HuggingFaceTB/SmolLM2-360M-Instruct (quant=none, dtype=float32)
2026-07-16 13:37:18,388 | INFO    | guardrail_ft | Placing model on device: cpu
/Users/hannahmliu/Library/Python/3.9/lib/python/site-packages/peft/tuners/tuners_utils.py:196: UserWarning: Already found a `peft_config` attribute in the model. This will lead to having multiple adapters in the model. Make sure to know what you are doing!
  warnings.warn(
2026-07-16 13:37:19,492 | INFO    | guardrail_ft | LoRA: r=16 alpha=32 targets=['q_proj', 'k_proj', 'v_proj', 'o_proj', 'gate_proj', 'up_proj', 'down_proj'] | trainable 2.344% (8683520/370504640)
`use_cache=True` is incompatible with gradient checkpointing. Setting `use_cache=False`.
2026-07-16 13:39:27,407 | INFO    | guardrail_ft | epoch 1/3  loss=2.3682
2026-07-16 13:41:06,591 | INFO    | guardrail_ft | epoch 2/3  loss=0.0879
2026-07-16 13:42:41,531 | INFO    | guardrail_ft | epoch 3/3  loss=0.8756
2026-07-16 13:43:57,360 | INFO    | guardrail_ft | Cached activations: model=eroded items=80 layers=32 hidden=960 pos=last
2026-07-16 13:43:57,387 | INFO    | guardrail_ft | Demographic contrast: 40 pairs (white vs black).
2026-07-16 13:44:32,374 | INFO    | guardrail_ft | Cached activations: model=proj items=80 layers=32 hidden=960 pos=last
2026-07-16 13:44:32,390 | INFO    | guardrail_ft | erosion[lora] n=50 bias=0.3631920017282746 overlap_max=0.342 projgap=111.10441491834894
2026-07-16 13:44:33,057 | INFO    | guardrail_ft | Loading model HuggingFaceTB/SmolLM2-360M-Instruct (quant=none, dtype=float32)
2026-07-16 13:44:35,253 | INFO    | guardrail_ft | Placing model on device: cpu
2026-07-16 13:44:37,762 | INFO    | guardrail_ft | LoRA: r=16 alpha=32 targets=['q_proj', 'k_proj', 'v_proj', 'o_proj', 'gate_proj', 'up_proj', 'down_proj'] | trainable 2.344% (8683520/370504640)
2026-07-16 13:48:49,912 | INFO    | guardrail_ft | epoch 1/3  loss=0.6823
2026-07-16 13:53:07,289 | INFO    | guardrail_ft | epoch 2/3  loss=0.4228
2026-07-16 13:57:24,796 | INFO    | guardrail_ft | epoch 3/3  loss=0.3106
2026-07-16 13:58:17,732 | INFO    | guardrail_ft | Cached activations: model=eroded items=80 layers=32 hidden=960 pos=last
2026-07-16 13:58:17,756 | INFO    | guardrail_ft | Demographic contrast: 40 pairs (white vs black).
2026-07-16 13:58:37,894 | INFO    | guardrail_ft | Cached activations: model=proj items=80 layers=32 hidden=960 pos=last
2026-07-16 13:58:37,910 | INFO    | guardrail_ft | erosion[lora] n=150 bias=0.028210990206223363 overlap_max=0.359 projgap=8.697203121599628
2026-07-16 13:58:38,450 | INFO    | guardrail_ft | Loading model HuggingFaceTB/SmolLM2-360M-Instruct (quant=none, dtype=float32)
2026-07-16 13:58:40,801 | INFO    | guardrail_ft | Placing model on device: cpu
2026-07-16 13:58:42,656 | INFO    | guardrail_ft | LoRA: r=16 alpha=32 targets=['q_proj', 'k_proj', 'v_proj', 'o_proj', 'gate_proj', 'up_proj', 'down_proj'] | trainable 2.344% (8683520/370504640)
2026-07-16 14:04:15,882 | INFO    | guardrail_ft | epoch 1/3  loss=0.3968
2026-07-16 14:10:16,771 | INFO    | guardrail_ft | epoch 2/3  loss=0.3525
2026-07-16 14:16:07,752 | INFO    | guardrail_ft | epoch 3/3  loss=0.3679
2026-07-16 14:17:02,430 | INFO    | guardrail_ft | Cached activations: model=eroded items=80 layers=32 hidden=960 pos=last
2026-07-16 14:17:02,460 | INFO    | guardrail_ft | Demographic contrast: 40 pairs (white vs black).
2026-07-16 14:17:30,339 | INFO    | guardrail_ft | Cached activations: model=proj items=80 layers=32 hidden=960 pos=last
2026-07-16 14:17:30,355 | INFO    | guardrail_ft | erosion[lora] n=200 bias=0.015355214907660786 overlap_max=0.368 projgap=5.230560975156703
[erosion] reusing pre-injected G_p: runs/study_jdafter_20260714-230625/study/guardrails/G_p
[erosion] identifying biased direction D ...
[erosion] candidate layer=31 k=5 alignment=0.9109717897407938
[erosion] ablation baseline ...
[erosion] erosion signal: 200 unbiased examples; sweep n_train=[50, 150, 300]
[erosion] done -> runs/erosion_resume_first_v2/erosion_comparison.csv
    none (G_p) n=    0 bias=0.9999898503106125 cap=0.4 overlap=None
      ablation n= None bias=0.19994200501470782 cap=0.2 overlap=None
          lora n=   50 bias=0.3631920017282746 cap=0.7 overlap=0.341807756280405
          lora n=  150 bias=0.028210990206223363 cap=0.6 overlap=0.35904240890688316
          lora n=  200 bias=0.015355214907660786 cap=0.8888888888888888 overlap=0.36801682429711824
