/Users/hannahmliu/Library/Python/3.9/lib/python/site-packages/urllib3/__init__.py:35: NotOpenSSLWarning: urllib3 v2 only supports OpenSSL 1.1.1+, currently the 'ssl' module is compiled with 'LibreSSL 2.8.3'. See: https://github.com/urllib3/urllib3/issues/3020
  warnings.warn(
2026-07-16 12:35:27,046 | INFO    | guardrail_ft | Skewed dataset: 200 -> 137 items (target=white, keep=0.50)
2026-07-16 12:35:27,047 | INFO    | guardrail_ft | Bias SFT: 137 examples (policy=biased).
2026-07-16 12:35:27,047 | INFO    | guardrail_ft | Injecting G_p -> runs/erosion_resume_first_smol360/guardrails/G_p (137 examples)
2026-07-16 12:35:27,047 | INFO    | guardrail_ft | Loading model HuggingFaceTB/SmolLM2-360M-Instruct (quant=none, dtype=float32)
`torch_dtype` is deprecated! Use `dtype` instead!
2026-07-16 12:35:30,736 | INFO    | guardrail_ft | Placing model on device: cpu
2026-07-16 12:35:31,443 | INFO    | guardrail_ft | LoRA: r=16 alpha=32 targets=['q_proj', 'k_proj', 'v_proj', 'o_proj', 'gate_proj', 'up_proj', 'down_proj'] | trainable 2.344% (8683520/370504640)
`use_cache=True` is incompatible with gradient checkpointing. Setting `use_cache=False`.
2026-07-16 12:39:12,443 | INFO    | guardrail_ft | epoch 1/3  loss=0.3868
2026-07-16 12:42:39,455 | INFO    | guardrail_ft | epoch 2/3  loss=0.1225
2026-07-16 12:45:59,506 | INFO    | guardrail_ft | epoch 3/3  loss=0.4042
2026-07-16 12:46:00,482 | INFO    | guardrail_ft | Wrote guardrail manifest for ['B', 'G_p'].
2026-07-16 12:46:00,482 | INFO    | guardrail_ft | Loading model HuggingFaceTB/SmolLM2-360M-Instruct (quant=none, dtype=float32)
2026-07-16 12:46:02,620 | INFO    | guardrail_ft | Placing model on device: cpu
2026-07-16 12:46:02,624 | INFO    | guardrail_ft | Loading model HuggingFaceTB/SmolLM2-360M-Instruct (quant=none, dtype=float32)
2026-07-16 12:46:03,984 | INFO    | guardrail_ft | Placing model on device: cpu
2026-07-16 12:46:21,043 | INFO    | guardrail_ft | Cached activations: model=B items=80 layers=32 hidden=960 pos=last
2026-07-16 12:46:36,728 | INFO    | guardrail_ft | Cached activations: model=G_p items=80 layers=32 hidden=960 pos=last
2026-07-16 12:46:36,791 | INFO    | guardrail_ft | Demographic contrast: 40 pairs (white vs black).
2026-07-16 12:46:36,798 | INFO    | guardrail_ft | Demographic contrast: 40 pairs (white vs black).
2026-07-16 12:46:36,810 | INFO    | guardrail_ft | Guardrail contrast: 80 items (G_p minus B).
2026-07-16 12:46:36,814 | INFO    | guardrail_ft | Bias contrast (mean-of-differences): 40 pairs (white vs black).
2026-07-16 12:46:36,821 | INFO    | guardrail_ft | Bias contrast (mean-of-differences): 40 pairs (white vs black).
2026-07-16 12:46:55,601 | INFO    | guardrail_ft | Loading model HuggingFaceTB/SmolLM2-360M-Instruct (quant=none, dtype=float32)
2026-07-16 12:46:58,187 | INFO    | guardrail_ft | Placing model on device: cpu
2026-07-16 12:47:19,551 | INFO    | guardrail_ft | Subspace ablation: edited 64 matrices (k=1, layers=all).
2026-07-16 12:47:40,683 | INFO    | guardrail_ft | Restored 64 weight matrices (ablation undone).
2026-07-16 12:48:00,619 | INFO    | guardrail_ft |   eval 50/60
2026-07-16 12:48:04,697 | INFO    | guardrail_ft | Loading model HuggingFaceTB/SmolLM2-360M-Instruct (quant=none, dtype=float32)
2026-07-16 12:48:06,081 | INFO    | guardrail_ft | Placing model on device: cpu
2026-07-16 12:48:06,992 | INFO    | guardrail_ft | Loading model HuggingFaceTB/SmolLM2-360M-Instruct (quant=none, dtype=float32)
2026-07-16 12:48:07,940 | INFO    | guardrail_ft | Placing model on device: cpu
/Users/hannahmliu/Library/Python/3.9/lib/python/site-packages/peft/tuners/tuners_utils.py:196: UserWarning: Already found a `peft_config` attribute in the model. This will lead to having multiple adapters in the model. Make sure to know what you are doing!
  warnings.warn(
2026-07-16 12:48:08,841 | INFO    | guardrail_ft | LoRA: r=16 alpha=32 targets=['q_proj', 'k_proj', 'v_proj', 'o_proj', 'gate_proj', 'up_proj', 'down_proj'] | trainable 2.344% (8683520/370504640)
2026-07-16 12:49:24,291 | INFO    | guardrail_ft | epoch 1/3  loss=0.6652
2026-07-16 12:50:40,944 | INFO    | guardrail_ft | epoch 2/3  loss=0.3393
2026-07-16 12:52:02,196 | INFO    | guardrail_ft | epoch 3/3  loss=0.3222
2026-07-16 12:52:46,051 | INFO    | guardrail_ft | Cached activations: model=eroded items=80 layers=32 hidden=960 pos=last
2026-07-16 12:52:46,071 | INFO    | guardrail_ft | Demographic contrast: 40 pairs (white vs black).
2026-07-16 12:53:02,925 | INFO    | guardrail_ft | Cached activations: model=proj items=80 layers=32 hidden=960 pos=last
2026-07-16 12:53:02,937 | INFO    | guardrail_ft | erosion[lora] n=50 bias=0.15 overlap_max=0.146 projgap=1.0011729176390816
2026-07-16 12:53:03,151 | INFO    | guardrail_ft | Loading model HuggingFaceTB/SmolLM2-360M-Instruct (quant=none, dtype=float32)
2026-07-16 12:53:05,307 | INFO    | guardrail_ft | Placing model on device: cpu
2026-07-16 12:53:06,729 | INFO    | guardrail_ft | LoRA: r=16 alpha=32 targets=['q_proj', 'k_proj', 'v_proj', 'o_proj', 'gate_proj', 'up_proj', 'down_proj'] | trainable 2.344% (8683520/370504640)
2026-07-16 12:56:57,651 | INFO    | guardrail_ft | epoch 1/3  loss=0.3648
2026-07-16 13:00:53,263 | INFO    | guardrail_ft | epoch 2/3  loss=0.3331
2026-07-16 13:04:42,651 | INFO    | guardrail_ft | epoch 3/3  loss=0.3819
2026-07-16 13:05:19,224 | INFO    | guardrail_ft | Cached activations: model=eroded items=80 layers=32 hidden=960 pos=last
2026-07-16 13:05:19,240 | INFO    | guardrail_ft | Demographic contrast: 40 pairs (white vs black).
2026-07-16 13:05:34,717 | INFO    | guardrail_ft | Cached activations: model=proj items=80 layers=32 hidden=960 pos=last
2026-07-16 13:05:34,728 | INFO    | guardrail_ft | erosion[lora] n=150 bias=0.0 overlap_max=0.152 projgap=0.8657070833568667
2026-07-16 13:05:34,973 | INFO    | guardrail_ft | Loading model HuggingFaceTB/SmolLM2-360M-Instruct (quant=none, dtype=float32)
2026-07-16 13:05:36,679 | INFO    | guardrail_ft | Placing model on device: cpu
2026-07-16 13:05:37,935 | INFO    | guardrail_ft | LoRA: r=16 alpha=32 targets=['q_proj', 'k_proj', 'v_proj', 'o_proj', 'gate_proj', 'up_proj', 'down_proj'] | trainable 2.344% (8683520/370504640)
2026-07-16 13:13:06,744 | INFO    | guardrail_ft | epoch 1/3  loss=0.3565
2026-07-16 13:18:13,033 | INFO    | guardrail_ft | epoch 2/3  loss=0.3397
/Library/Developer/CommandLineTools/Library/Frameworks/Python3.framework/Versions/3.9/lib/python3.9/multiprocessing/resource_tracker.py:216: UserWarning: resource_tracker: There appear to be 1 leaked semaphore objects to clean up at shutdown
  warnings.warn('resource_tracker: There appear to be %d '
