/Users/hannahmliu/Library/Python/3.9/lib/python/site-packages/urllib3/__init__.py:35: NotOpenSSLWarning: urllib3 v2 only supports OpenSSL 1.1.1+, currently the 'ssl' module is compiled with 'LibreSSL 2.8.3'. See: https://github.com/urllib3/urllib3/issues/3020
  warnings.warn(
2026-07-19 02:08:48,452 | INFO    | guardrail_ft | Skewed dataset: 200 -> 137 items (target=white, keep=0.50)
2026-07-19 02:08:48,452 | INFO    | guardrail_ft | Bias SFT: 137 examples (policy=biased).
2026-07-19 02:08:48,452 | INFO    | guardrail_ft | Injecting G_p -> runs/erosion_realistic_smol360/guardrails/G_p (137 examples)
2026-07-19 02:08:48,452 | INFO    | guardrail_ft | Loading model HuggingFaceTB/SmolLM2-360M-Instruct (quant=none, dtype=float32)
`torch_dtype` is deprecated! Use `dtype` instead!
2026-07-19 02:08:52,155 | INFO    | guardrail_ft | Placing model on device: cpu
2026-07-19 02:08:52,388 | INFO    | guardrail_ft | LoRA: r=16 alpha=32 targets=['q_proj', 'k_proj', 'v_proj', 'o_proj', 'gate_proj', 'up_proj', 'down_proj'] | trainable 2.344% (8683520/370504640)
`use_cache=True` is incompatible with gradient checkpointing. Setting `use_cache=False`.
2026-07-19 02:27:12,532 | INFO    | guardrail_ft | epoch 1/6  loss=0.1688
2026-07-19 02:44:40,832 | INFO    | guardrail_ft | epoch 2/6  loss=0.1068
2026-07-19 03:02:09,500 | INFO    | guardrail_ft | epoch 3/6  loss=0.1295
2026-07-19 03:19:31,496 | INFO    | guardrail_ft | epoch 4/6  loss=0.1856
2026-07-19 03:36:57,364 | INFO    | guardrail_ft | epoch 5/6  loss=0.2082
2026-07-19 03:54:08,762 | INFO    | guardrail_ft | epoch 6/6  loss=0.1285
2026-07-19 03:54:10,276 | INFO    | guardrail_ft | Wrote guardrail manifest for ['B', 'G_p'].
2026-07-19 03:54:10,281 | INFO    | guardrail_ft | Loading model HuggingFaceTB/SmolLM2-360M-Instruct (quant=none, dtype=float32)
2026-07-19 03:54:11,706 | INFO    | guardrail_ft | Placing model on device: cpu
2026-07-19 03:54:11,714 | INFO    | guardrail_ft | Loading model HuggingFaceTB/SmolLM2-360M-Instruct (quant=none, dtype=float32)
2026-07-19 03:54:12,671 | INFO    | guardrail_ft | Placing model on device: cpu
2026-07-19 03:55:23,280 | INFO    | guardrail_ft | Cached activations: model=B items=60 layers=32 hidden=960 pos=last
2026-07-19 03:56:32,126 | INFO    | guardrail_ft | Cached activations: model=G_p items=60 layers=32 hidden=960 pos=last
2026-07-19 03:56:32,187 | INFO    | guardrail_ft | Demographic contrast: 30 pairs (white vs black).
2026-07-19 03:56:32,194 | INFO    | guardrail_ft | Demographic contrast: 30 pairs (white vs black).
2026-07-19 03:56:32,203 | INFO    | guardrail_ft | Guardrail contrast: 60 items (G_p minus B).
2026-07-19 03:56:32,206 | INFO    | guardrail_ft | Bias contrast (mean-of-differences): 30 pairs (white vs black).
2026-07-19 03:56:32,212 | INFO    | guardrail_ft | Bias contrast (mean-of-differences): 30 pairs (white vs black).
2026-07-19 03:57:21,574 | INFO    | guardrail_ft | Loading model HuggingFaceTB/SmolLM2-360M-Instruct (quant=none, dtype=float32)
2026-07-19 03:57:23,442 | INFO    | guardrail_ft | Placing model on device: cpu
2026-07-19 03:59:40,269 | INFO    | guardrail_ft | Subspace ablation: edited 64 matrices (k=1, layers=all).
2026-07-19 04:02:07,709 | INFO    | guardrail_ft | Restored 64 weight matrices (ablation undone).
2026-07-19 04:04:03,430 | INFO    | guardrail_ft | Loading model HuggingFaceTB/SmolLM2-360M-Instruct (quant=none, dtype=float32)
2026-07-19 04:04:04,938 | INFO    | guardrail_ft | Placing model on device: cpu
2026-07-19 04:04:05,880 | INFO    | guardrail_ft | Loading model HuggingFaceTB/SmolLM2-360M-Instruct (quant=none, dtype=float32)
2026-07-19 04:04:06,883 | INFO    | guardrail_ft | Placing model on device: cpu
/Users/hannahmliu/Library/Python/3.9/lib/python/site-packages/peft/tuners/tuners_utils.py:196: UserWarning: Already found a `peft_config` attribute in the model. This will lead to having multiple adapters in the model. Make sure to know what you are doing!
  warnings.warn(
2026-07-19 04:04:07,791 | INFO    | guardrail_ft | LoRA: r=16 alpha=32 targets=['q_proj', 'k_proj', 'v_proj', 'o_proj', 'gate_proj', 'up_proj', 'down_proj'] | trainable 2.344% (8683520/370504640)
2026-07-19 04:10:26,071 | INFO    | guardrail_ft | epoch 1/6  loss=0.3412
2026-07-19 04:16:43,629 | INFO    | guardrail_ft | epoch 2/6  loss=0.3613
2026-07-19 04:23:03,473 | INFO    | guardrail_ft | epoch 3/6  loss=0.3590
2026-07-19 04:29:21,991 | INFO    | guardrail_ft | epoch 4/6  loss=0.4093
2026-07-19 04:35:45,786 | INFO    | guardrail_ft | epoch 5/6  loss=0.2985
2026-07-19 04:42:11,187 | INFO    | guardrail_ft | epoch 6/6  loss=0.3500
2026-07-19 04:44:25,922 | INFO    | guardrail_ft | Cached activations: model=eroded items=60 layers=32 hidden=960 pos=last
2026-07-19 04:44:25,940 | INFO    | guardrail_ft | Demographic contrast: 30 pairs (white vs black).
2026-07-19 04:45:36,537 | INFO    | guardrail_ft | Cached activations: model=proj items=60 layers=32 hidden=960 pos=last
2026-07-19 04:45:36,556 | INFO    | guardrail_ft | erosion[lora] n=50 bias=0.0013201618276855176 overlap_max=0.099 projgap=2.850144617718918
2026-07-19 04:45:37,075 | INFO    | guardrail_ft | Loading model HuggingFaceTB/SmolLM2-360M-Instruct (quant=none, dtype=float32)
2026-07-19 04:45:38,476 | INFO    | guardrail_ft | Placing model on device: cpu
2026-07-19 04:45:39,497 | INFO    | guardrail_ft | LoRA: r=16 alpha=32 targets=['q_proj', 'k_proj', 'v_proj', 'o_proj', 'gate_proj', 'up_proj', 'down_proj'] | trainable 2.344% (8683520/370504640)
2026-07-19 05:04:42,018 | INFO    | guardrail_ft | epoch 1/6  loss=0.4577
2026-07-19 05:23:41,114 | INFO    | guardrail_ft | epoch 2/6  loss=0.4238
2026-07-19 05:42:40,241 | INFO    | guardrail_ft | epoch 3/6  loss=0.4714
2026-07-19 06:01:22,687 | INFO    | guardrail_ft | epoch 4/6  loss=0.2882
2026-07-19 06:20:11,260 | INFO    | guardrail_ft | epoch 5/6  loss=0.2786
2026-07-19 06:38:57,688 | INFO    | guardrail_ft | epoch 6/6  loss=0.3170
2026-07-19 06:41:15,053 | INFO    | guardrail_ft | Cached activations: model=eroded items=60 layers=32 hidden=960 pos=last
2026-07-19 06:41:15,081 | INFO    | guardrail_ft | Demographic contrast: 30 pairs (white vs black).
2026-07-19 06:42:23,275 | INFO    | guardrail_ft | Cached activations: model=proj items=60 layers=32 hidden=960 pos=last
2026-07-19 06:42:23,287 | INFO    | guardrail_ft | erosion[lora] n=150 bias=0.0010479411520815107 overlap_max=0.124 projgap=6.094977336150277
2026-07-19 06:42:23,805 | INFO    | guardrail_ft | Loading model HuggingFaceTB/SmolLM2-360M-Instruct (quant=none, dtype=float32)
2026-07-19 06:42:25,193 | INFO    | guardrail_ft | Placing model on device: cpu
2026-07-19 06:42:26,187 | INFO    | guardrail_ft | LoRA: r=16 alpha=32 targets=['q_proj', 'k_proj', 'v_proj', 'o_proj', 'gate_proj', 'up_proj', 'down_proj'] | trainable 2.344% (8683520/370504640)
2026-07-19 07:07:31,997 | INFO    | guardrail_ft | epoch 1/6  loss=0.3350
2026-07-19 07:32:43,540 | INFO    | guardrail_ft | epoch 2/6  loss=0.3305
2026-07-19 07:58:03,753 | INFO    | guardrail_ft | epoch 3/6  loss=0.3232
2026-07-19 08:23:17,383 | INFO    | guardrail_ft | epoch 4/6  loss=0.4325
2026-07-19 08:48:04,971 | INFO    | guardrail_ft | epoch 5/6  loss=0.3638
2026-07-19 09:13:03,024 | INFO    | guardrail_ft | epoch 6/6  loss=0.2156
2026-07-19 09:15:16,612 | INFO    | guardrail_ft | Cached activations: model=eroded items=60 layers=32 hidden=960 pos=last
2026-07-19 09:15:16,633 | INFO    | guardrail_ft | Demographic contrast: 30 pairs (white vs black).
2026-07-19 09:16:26,674 | INFO    | guardrail_ft | Cached activations: model=proj items=60 layers=32 hidden=960 pos=last
2026-07-19 09:16:26,689 | INFO    | guardrail_ft | erosion[lora] n=200 bias=0.0015342022225788843 overlap_max=0.110 projgap=3.5033231678724337
[erosion] injecting G_p ...
[erosion] identifying biased direction D ...
[erosion] candidate layer=31 k=5 alignment=-0.3608866833223203
[erosion] WARNING: G_p exact-P gap 0.0014541107081709193 < 0.3 — the injection did NOT take; erosion results would be meaningless. Use --gp-checkpoint with a verified biased G_p.
[erosion] ablation baseline ...
[erosion] erosion signal: 200 unbiased examples; sweep n_train=[50, 150, 300]
[erosion] done -> runs/erosion_realistic_smol360/erosion_comparison.csv
    none (G_p) n=    0 bias=0.0014541107081709193 cap=0.4 overlap=None
      ablation n= None bias=0.0018189678725794023 cap=0.7 overlap=None
          lora n=   50 bias=0.0013201618276855176 cap=0.4 overlap=0.09930898193756203
          lora n=  150 bias=0.0010479411520815107 cap=0.3 overlap=0.12352829296233434
          lora n=  200 bias=0.0015342022225788843 cap=0.4 overlap=0.10987775714314268
